[2024-04-12T22:49:49.517+0700][gc,init] CardTable entry size: 512
[2024-04-12T22:49:49.517+0700][gc     ] Using G1
[2024-04-12T22:49:49.522+0700][gc,init] Version: 22+36-2370 (release)
[2024-04-12T22:49:49.522+0700][gc,init] CPUs: 20 total, 20 available
[2024-04-12T22:49:49.522+0700][gc,init] Memory: 16243M
[2024-04-12T22:49:49.522+0700][gc,init] Large Page Support: Disabled
[2024-04-12T22:49:49.522+0700][gc,init] NUMA Support: Disabled
[2024-04-12T22:49:49.522+0700][gc,init] Compressed Oops: Enabled (32-bit)
[2024-04-12T22:49:49.522+0700][gc,init] Heap Region Size: 1M
[2024-04-12T22:49:49.522+0700][gc,init] Heap Min Capacity: 1G
[2024-04-12T22:49:49.522+0700][gc,init] Heap Initial Capacity: 1G
[2024-04-12T22:49:49.522+0700][gc,init] Heap Max Capacity: 1G
[2024-04-12T22:49:49.522+0700][gc,init] Pre-touch: Disabled
[2024-04-12T22:49:49.522+0700][gc,init] Parallel Workers: 15
[2024-04-12T22:49:49.522+0700][gc,init] Concurrent Workers: 4
[2024-04-12T22:49:49.522+0700][gc,init] Concurrent Refinement Workers: 15
[2024-04-12T22:49:49.522+0700][gc,init] Periodic GC: Disabled
[2024-04-12T22:49:49.530+0700][gc,metaspace] CDS archive(s) mapped at: [0x000002101e000000-0x000002101ec60000-0x000002101ec60000), size 12976128, SharedBaseAddress: 0x000002101e000000, ArchiveRelocationMode: 1.
[2024-04-12T22:49:49.530+0700][gc,metaspace] Compressed class space mapped at: 0x000002101f000000-0x000002105f000000, reserved size: 1073741824
[2024-04-12T22:49:49.530+0700][gc,metaspace] Narrow klass base: 0x000002101e000000, Narrow klass shift: 0, Narrow klass range: 0x41000000
[2024-04-12T22:49:50.417+0700][gc,start    ] GC(0) Pause Young (Normal) (G1 Evacuation Pause)
[2024-04-12T22:49:50.418+0700][gc,task     ] GC(0) Using 15 workers of 15 for evacuation
[2024-04-12T22:49:50.424+0700][gc,phases   ] GC(0)   Pre Evacuate Collection Set: 0.19ms
[2024-04-12T22:49:50.424+0700][gc,phases   ] GC(0)   Merge Heap Roots: 0.12ms
[2024-04-12T22:49:50.424+0700][gc,phases   ] GC(0)   Evacuate Collection Set: 5.40ms
[2024-04-12T22:49:50.424+0700][gc,phases   ] GC(0)   Post Evacuate Collection Set: 0.77ms
[2024-04-12T22:49:50.424+0700][gc,phases   ] GC(0)   Other: 0.36ms
[2024-04-12T22:49:50.424+0700][gc,heap     ] GC(0) Eden regions: 51->0(44)
[2024-04-12T22:49:50.424+0700][gc,heap     ] GC(0) Survivor regions: 0->7(7)
[2024-04-12T22:49:50.424+0700][gc,heap     ] GC(0) Old regions: 0->2
[2024-04-12T22:49:50.424+0700][gc,heap     ] GC(0) Humongous regions: 0->0
[2024-04-12T22:49:50.424+0700][gc,metaspace] GC(0) Metaspace: 16779K(17024K)->16779K(17024K) NonClass: 14794K(14912K)->14794K(14912K) Class: 1984K(2112K)->1984K(2112K)
[2024-04-12T22:49:50.424+0700][gc          ] GC(0) Pause Young (Normal) (G1 Evacuation Pause) 51M->8M(1024M) 7.039ms
[2024-04-12T22:49:50.424+0700][gc,cpu      ] GC(0) User=0.00s Sys=0.00s Real=0.01s
[2024-04-12T22:49:50.589+0700][gc,start    ] GC(1) Pause Young (Concurrent Start) (Metadata GC Threshold)
[2024-04-12T22:49:50.589+0700][gc,task     ] GC(1) Using 15 workers of 15 for evacuation
[2024-04-12T22:49:50.592+0700][gc,phases   ] GC(1)   Pre Evacuate Collection Set: 0.21ms
[2024-04-12T22:49:50.592+0700][gc,phases   ] GC(1)   Merge Heap Roots: 0.11ms
[2024-04-12T22:49:50.592+0700][gc,phases   ] GC(1)   Evacuate Collection Set: 1.87ms
[2024-04-12T22:49:50.592+0700][gc,phases   ] GC(1)   Post Evacuate Collection Set: 0.40ms
[2024-04-12T22:49:50.592+0700][gc,phases   ] GC(1)   Other: 0.06ms
[2024-04-12T22:49:50.592+0700][gc,heap     ] GC(1) Eden regions: 17->0(49)
[2024-04-12T22:49:50.592+0700][gc,heap     ] GC(1) Survivor regions: 7->2(7)
[2024-04-12T22:49:50.592+0700][gc,heap     ] GC(1) Old regions: 2->10
[2024-04-12T22:49:50.592+0700][gc,heap     ] GC(1) Humongous regions: 0->0
[2024-04-12T22:49:50.592+0700][gc,metaspace] GC(1) Metaspace: 21282K(21504K)->21282K(21504K) NonClass: 18756K(18880K)->18756K(18880K) Class: 2526K(2624K)->2526K(2624K)
[2024-04-12T22:49:50.592+0700][gc          ] GC(1) Pause Young (Concurrent Start) (Metadata GC Threshold) 25M->10M(1024M) 2.774ms
[2024-04-12T22:49:50.592+0700][gc,cpu      ] GC(1) User=0.00s Sys=0.00s Real=0.00s
[2024-04-12T22:49:50.592+0700][gc          ] GC(2) Concurrent Mark Cycle
[2024-04-12T22:49:50.592+0700][gc,marking  ] GC(2) Concurrent Scan Root Regions
[2024-04-12T22:49:50.592+0700][gc,marking  ] GC(2) Concurrent Scan Root Regions 0.733ms
[2024-04-12T22:49:50.592+0700][gc,marking  ] GC(2) Concurrent Mark
[2024-04-12T22:49:50.592+0700][gc,marking  ] GC(2) Concurrent Mark From Roots
[2024-04-12T22:49:50.592+0700][gc,task     ] GC(2) Using 4 workers of 4 for marking
[2024-04-12T22:49:50.593+0700][gc,marking  ] GC(2) Concurrent Mark From Roots 0.889ms
[2024-04-12T22:49:50.593+0700][gc,marking  ] GC(2) Concurrent Preclean
[2024-04-12T22:49:50.593+0700][gc,marking  ] GC(2) Concurrent Preclean 0.007ms
[2024-04-12T22:49:50.593+0700][gc,start    ] GC(2) Pause Remark
[2024-04-12T22:49:50.595+0700][gc          ] GC(2) Pause Remark 11M->11M(1024M) 1.161ms
[2024-04-12T22:49:50.595+0700][gc,cpu      ] GC(2) User=0.02s Sys=0.00s Real=0.00s
[2024-04-12T22:49:50.595+0700][gc,marking  ] GC(2) Concurrent Mark 2.143ms
[2024-04-12T22:49:50.595+0700][gc,marking  ] GC(2) Concurrent Rebuild Remembered Sets and Scrub Regions
[2024-04-12T22:49:50.595+0700][gc,marking  ] GC(2) Concurrent Rebuild Remembered Sets and Scrub Regions 0.641ms
[2024-04-12T22:49:50.595+0700][gc,start    ] GC(2) Pause Cleanup
[2024-04-12T22:49:50.595+0700][gc          ] GC(2) Pause Cleanup 11M->11M(1024M) 0.105ms
[2024-04-12T22:49:50.595+0700][gc,cpu      ] GC(2) User=0.00s Sys=0.00s Real=0.00s
[2024-04-12T22:49:50.595+0700][gc,marking  ] GC(2) Concurrent Clear Claimed Marks
[2024-04-12T22:49:50.595+0700][gc,marking  ] GC(2) Concurrent Clear Claimed Marks 0.014ms
[2024-04-12T22:49:50.595+0700][gc,marking  ] GC(2) Concurrent Cleanup for Next Mark
[2024-04-12T22:49:50.598+0700][gc,marking  ] GC(2) Concurrent Cleanup for Next Mark 2.129ms
[2024-04-12T22:49:50.598+0700][gc          ] GC(2) Concurrent Mark Cycle 5.958ms
[2024-04-12T22:49:51.089+0700][gc,start    ] GC(3) Pause Young (Normal) (G1 Evacuation Pause)
[2024-04-12T22:49:51.089+0700][gc,task     ] GC(3) Using 15 workers of 15 for evacuation
[2024-04-12T22:49:51.091+0700][gc,phases   ] GC(3)   Pre Evacuate Collection Set: 0.18ms
[2024-04-12T22:49:51.091+0700][gc,phases   ] GC(3)   Merge Heap Roots: 0.09ms
[2024-04-12T22:49:51.091+0700][gc,phases   ] GC(3)   Evacuate Collection Set: 1.62ms
[2024-04-12T22:49:51.091+0700][gc,phases   ] GC(3)   Post Evacuate Collection Set: 0.41ms
[2024-04-12T22:49:51.091+0700][gc,phases   ] GC(3)   Other: 0.05ms
[2024-04-12T22:49:51.091+0700][gc,heap     ] GC(3) Eden regions: 49->0(44)
[2024-04-12T22:49:51.091+0700][gc,heap     ] GC(3) Survivor regions: 2->7(7)
[2024-04-12T22:49:51.091+0700][gc,heap     ] GC(3) Old regions: 10->10
[2024-04-12T22:49:51.091+0700][gc,heap     ] GC(3) Humongous regions: 129->129
[2024-04-12T22:49:51.091+0700][gc,metaspace] GC(3) Metaspace: 32928K(33216K)->32928K(33216K) NonClass: 29329K(29504K)->29329K(29504K) Class: 3598K(3712K)->3598K(3712K)
[2024-04-12T22:49:51.091+0700][gc          ] GC(3) Pause Young (Normal) (G1 Evacuation Pause) 188M->144M(1024M) 2.484ms
[2024-04-12T22:49:51.092+0700][gc,cpu      ] GC(3) User=0.00s Sys=0.00s Real=0.00s
[2024-04-12T22:49:56.185+0700][gc,start    ] GC(4) Pause Young (Concurrent Start) (Metadata GC Threshold)
[2024-04-12T22:49:56.185+0700][gc,task     ] GC(4) Using 15 workers of 15 for evacuation
[2024-04-12T22:49:56.193+0700][gc,phases   ] GC(4)   Pre Evacuate Collection Set: 0.29ms
[2024-04-12T22:49:56.193+0700][gc,phases   ] GC(4)   Merge Heap Roots: 0.14ms
[2024-04-12T22:49:56.193+0700][gc,phases   ] GC(4)   Evacuate Collection Set: 7.47ms
[2024-04-12T22:49:56.193+0700][gc,phases   ] GC(4)   Post Evacuate Collection Set: 0.56ms
[2024-04-12T22:49:56.193+0700][gc,phases   ] GC(4)   Other: 0.14ms
[2024-04-12T22:49:56.193+0700][gc,heap     ] GC(4) Eden regions: 14->0(49)
[2024-04-12T22:49:56.193+0700][gc,heap     ] GC(4) Survivor regions: 7->2(7)
[2024-04-12T22:49:56.193+0700][gc,heap     ] GC(4) Old regions: 10->16
[2024-04-12T22:49:56.193+0700][gc,heap     ] GC(4) Humongous regions: 129->129
[2024-04-12T22:49:56.193+0700][gc,metaspace] GC(4) Metaspace: 35826K(36096K)->35826K(36096K) NonClass: 31764K(31936K)->31764K(31936K) Class: 4062K(4160K)->4062K(4160K)
[2024-04-12T22:49:56.193+0700][gc          ] GC(4) Pause Young (Concurrent Start) (Metadata GC Threshold) 158M->145M(1024M) 8.822ms
[2024-04-12T22:49:56.193+0700][gc          ] GC(5) Concurrent Mark Cycle
[2024-04-12T22:49:56.193+0700][gc,marking  ] GC(5) Concurrent Scan Root Regions
[2024-04-12T22:49:56.193+0700][gc,cpu      ] GC(4) User=0.00s Sys=0.02s Real=0.01s
[2024-04-12T22:49:56.194+0700][gc,marking  ] GC(5) Concurrent Scan Root Regions 1.067ms
[2024-04-12T22:49:56.194+0700][gc,marking  ] GC(5) Concurrent Mark
[2024-04-12T22:49:56.194+0700][gc,marking  ] GC(5) Concurrent Mark From Roots
[2024-04-12T22:49:56.194+0700][gc,task     ] GC(5) Using 4 workers of 4 for marking
[2024-04-12T22:49:56.196+0700][gc,marking  ] GC(5) Concurrent Mark From Roots 2.095ms
[2024-04-12T22:49:56.196+0700][gc,marking  ] GC(5) Concurrent Preclean
[2024-04-12T22:49:56.196+0700][gc,marking  ] GC(5) Concurrent Preclean 0.029ms
[2024-04-12T22:49:56.196+0700][gc,start    ] GC(5) Pause Remark
[2024-04-12T22:49:56.198+0700][gc          ] GC(5) Pause Remark 146M->146M(1024M) 1.377ms
[2024-04-12T22:49:56.198+0700][gc,cpu      ] GC(5) User=0.00s Sys=0.00s Real=0.00s
[2024-04-12T22:49:56.198+0700][gc,marking  ] GC(5) Concurrent Mark 3.620ms
[2024-04-12T22:49:56.198+0700][gc,marking  ] GC(5) Concurrent Rebuild Remembered Sets and Scrub Regions
[2024-04-12T22:49:56.199+0700][gc,marking  ] GC(5) Concurrent Rebuild Remembered Sets and Scrub Regions 1.313ms
[2024-04-12T22:49:56.199+0700][gc,start    ] GC(5) Pause Cleanup
[2024-04-12T22:49:56.199+0700][gc          ] GC(5) Pause Cleanup 146M->146M(1024M) 0.125ms
[2024-04-12T22:49:56.199+0700][gc,cpu      ] GC(5) User=0.00s Sys=0.00s Real=0.00s
[2024-04-12T22:49:56.199+0700][gc,marking  ] GC(5) Concurrent Clear Claimed Marks
[2024-04-12T22:49:56.199+0700][gc,marking  ] GC(5) Concurrent Clear Claimed Marks 0.012ms
[2024-04-12T22:49:56.199+0700][gc,marking  ] GC(5) Concurrent Cleanup for Next Mark
[2024-04-12T22:49:56.200+0700][gc,marking  ] GC(5) Concurrent Cleanup for Next Mark 0.838ms
[2024-04-12T22:49:56.200+0700][gc          ] GC(5) Concurrent Mark Cycle 7.112ms
[2024-04-12T22:54:17.994+0700][gc,start    ] GC(6) Pause Young (Prepare Mixed) (G1 Evacuation Pause)
[2024-04-12T22:54:17.994+0700][gc,task     ] GC(6) Using 15 workers of 15 for evacuation
[2024-04-12T22:54:17.999+0700][gc,phases   ] GC(6)   Pre Evacuate Collection Set: 0.18ms
[2024-04-12T22:54:17.999+0700][gc,phases   ] GC(6)   Merge Heap Roots: 0.12ms
[2024-04-12T22:54:17.999+0700][gc,phases   ] GC(6)   Evacuate Collection Set: 3.49ms
[2024-04-12T22:54:17.999+0700][gc,phases   ] GC(6)   Post Evacuate Collection Set: 0.96ms
[2024-04-12T22:54:17.999+0700][gc,phases   ] GC(6)   Other: 0.06ms
[2024-04-12T22:54:17.999+0700][gc,heap     ] GC(6) Eden regions: 49->0(46)
[2024-04-12T22:54:17.999+0700][gc,heap     ] GC(6) Survivor regions: 2->5(7)
[2024-04-12T22:54:17.999+0700][gc,heap     ] GC(6) Old regions: 16->16
[2024-04-12T22:54:17.999+0700][gc,heap     ] GC(6) Humongous regions: 129->129
[2024-04-12T22:54:17.999+0700][gc,metaspace] GC(6) Metaspace: 42461K(43200K)->42461K(43200K) NonClass: 37212K(37632K)->37212K(37632K) Class: 5249K(5568K)->5249K(5568K)
[2024-04-12T22:54:17.999+0700][gc          ] GC(6) Pause Young (Prepare Mixed) (G1 Evacuation Pause) 194M->148M(1024M) 4.942ms
[2024-04-12T22:54:17.999+0700][gc,cpu      ] GC(6) User=0.00s Sys=0.00s Real=0.01s
